
> temp_app@0.1.0 build
> next build

  Ôû▓ Next.js 14.2.14
  - Environments: .env.local

   Creating an optimized production build ...
 Ô£ô Compiled successfully
   Skipping validation of types
   Skipping linting
   Collecting page data ...
   Generating static pages (0/74) ...
   Generating static pages (18/74) 
   Generating static pages (36/74) 
Connecting to MongoDB...
   Generating static pages (55/74) 
Connecting to MongoDB...
MongoDB Connected Successfully
MongoDB Connected Successfully
Connecting to MongoDB...
MongoDB Connected Successfully
 Ô£ô Generating static pages (74/74)
   Finalizing page optimization ...
   Collecting build traces ...

Route (app)                                       Size     First Load JS
Ôöî Ôùï /                                             13 kB           150 kB
Ôö£ Ôùï /_not-found                                   873 B          88.1 kB
Ôö£ Ôùï /about                                        1.71 kB         129 kB
Ôö£ Ôùï /admin                                        136 B          87.3 kB
Ôö£ Ôùï /admin/about                                  2.62 kB        95.5 kB
Ôö£ Ôùï /admin/blogs                                  3.03 kB          96 kB
Ôö£ Ôùï /admin/contact                                2.97 kB        90.2 kB
Ôö£ Ôùï /admin/hero                                   2.25 kB        95.2 kB
Ôö£ Ôùï /admin/login                                  1.75 kB         129 kB
Ôö£ Ôùï /admin/portfolio                              3.76 kB        96.7 kB
Ôö£ Ôùï /admin/resume                                 2.31 kB        89.5 kB
Ôö£ Ôùï /admin/services                               3.38 kB        96.3 kB
Ôö£ Ôùï /admin/settings                               2.15 kB        89.3 kB
Ôö£ Ôùï /admin/testimonials                           3.45 kB        90.6 kB
Ôö£ Ôùï /admin/videography                            5.53 kB        92.7 kB
Ôö£ ãÆ /api/admin/blogs                              0 B                0 B
Ôö£ ãÆ /api/admin/blogs/[id]                         0 B                0 B
Ôö£ ãÆ /api/admin/portfolio-categories               0 B                0 B
Ôö£ ãÆ /api/admin/portfolio-categories/[id]          0 B                0 B
Ôö£ ãÆ /api/admin/projects                           0 B                0 B
Ôö£ ãÆ /api/admin/projects/[id]                      0 B                0 B
Ôö£ ãÆ /api/admin/projects/reorder                   0 B                0 B
Ôö£ ãÆ /api/admin/resume                             0 B                0 B
Ôö£ ãÆ /api/admin/services                           0 B                0 B
Ôö£ ãÆ /api/admin/services/[id]                      0 B                0 B
Ôö£ ãÆ /api/admin/services/reorder                   0 B                0 B
Ôö£ Ôùï /api/admin/settings                           0 B                0 B
Ôö£ ãÆ /api/admin/testimonials                       0 B                0 B
Ôö£ ãÆ /api/admin/upload                             0 B                0 B
Ôö£ ãÆ /api/admin/videos                             0 B                0 B
Ôö£ ãÆ /api/admin/videos/[id]                        0 B                0 B
Ôö£ ãÆ /api/auth/login                               0 B                0 B
Ôö£ ãÆ /api/auth/logout                              0 B                0 B
Ôö£ Ôùï /api/resume                                   0 B                0 B
Ôö£ Ôùï /blog                                         3.9 kB          131 kB
Ôö£ Ôùï /contact                                      1.22 kB         131 kB
Ôö£ Ôùï /hire-me                                      2.04 kB         136 kB
Ôö£ Ôùï /portfolio                                    3.02 kB         137 kB
Ôö£ ãÆ /portfolio/[category]                         2.42 kB         137 kB
Ôö£ ãÆ /portfolio/tag/[subcategory]                  2.42 kB         137 kB
Ôö£ Ôùï /resume                                       1.59 kB         129 kB
Ôö£ Ôùï /service                                      4.69 kB         139 kB
Ôö£ ãÆ /service/[category]                           3.15 kB        97.1 kB
Ôöö ÔùÅ /service/[category]/[subcategory]             175 B          94.2 kB
    Ôö£ /service/event-photography/corporate-event
    Ôö£ /service/event-photography/trade-show
    Ôö£ /service/event-photography/social-private
    Ôöö [+33 more paths]
+ First Load JS shared by all                     87.2 kB
  Ôö£ chunks/117-7b23d193a711fee8.js                31.6 kB
  Ôö£ chunks/fd9d1056-8fef90fb5a0b2194.js           53.6 kB
  Ôöö other shared chunks (total)                   1.95 kB


ãÆ Middleware                                      26.5 kB

Ôùï  (Static)   prerendered as static content
ÔùÅ  (SSG)      prerendered as static HTML (uses getStaticProps)
ãÆ  (Dynamic)  server-rendered on demand

